Archive member included to satisfy reference by file (symbol)

c:/program files (x86)/arm gnu toolchain arm-none-eabi/12.2 mpacbti-rel1/bin/../lib/gcc/arm-none-eabi/12.2.1/thumb/v6-m/nofp\libc_nano.a(libc_a-exit.o)
                              c:/program files (x86)/arm gnu toolchain arm-none-eabi/12.2 mpacbti-rel1/bin/../lib/gcc/arm-none-eabi/12.2.1/thumb/v6-m/nofp/crt0.o (exit)
c:/program files (x86)/arm gnu toolchain arm-none-eabi/12.2 mpacbti-rel1/bin/../lib/gcc/arm-none-eabi/12.2.1/thumb/v6-m/nofp\libc_nano.a(libc_a-findfp.o)
                              c:/program files (x86)/arm gnu toolchain arm-none-eabi/12.2 mpacbti-rel1/bin/../lib/gcc/arm-none-eabi/12.2.1/thumb/v6-m/nofp\libc_nano.a(libc_a-exit.o) (__stdio_exit_handler)
c:/program files (x86)/arm gnu toolchain arm-none-eabi/12.2 mpacbti-rel1/bin/../lib/gcc/arm-none-eabi/12.2.1/thumb/v6-m/nofp\libc_nano.a(libc_a-fwalk.o)
                              c:/program files (x86)/arm gnu toolchain arm-none-eabi/12.2 mpacbti-rel1/bin/../lib/gcc/arm-none-eabi/12.2.1/thumb/v6-m/nofp\libc_nano.a(libc_a-findfp.o) (_fwalk_sglue)
c:/program files (x86)/arm gnu toolchain arm-none-eabi/12.2 mpacbti-rel1/bin/../lib/gcc/arm-none-eabi/12.2.1/thumb/v6-m/nofp\libc_nano.a(libc_a-stdio.o)
                              c:/program files (x86)/arm gnu toolchain arm-none-eabi/12.2 mpacbti-rel1/bin/../lib/gcc/arm-none-eabi/12.2.1/thumb/v6-m/nofp\libc_nano.a(libc_a-findfp.o) (__sread)
c:/program files (x86)/arm gnu toolchain arm-none-eabi/12.2 mpacbti-rel1/bin/../lib/gcc/arm-none-eabi/12.2.1/thumb/v6-m/nofp\libc_nano.a(libc_a-memset.o)
                              c:/program files (x86)/arm gnu toolchain arm-none-eabi/12.2 mpacbti-rel1/bin/../lib/gcc/arm-none-eabi/12.2.1/thumb/v6-m/nofp/crt0.o (memset)
c:/program files (x86)/arm gnu toolchain arm-none-eabi/12.2 mpacbti-rel1/bin/../lib/gcc/arm-none-eabi/12.2.1/thumb/v6-m/nofp\libc_nano.a(libc_a-closer.o)
                              c:/program files (x86)/arm gnu toolchain arm-none-eabi/12.2 mpacbti-rel1/bin/../lib/gcc/arm-none-eabi/12.2.1/thumb/v6-m/nofp\libc_nano.a(libc_a-stdio.o) (_close_r)
c:/program files (x86)/arm gnu toolchain arm-none-eabi/12.2 mpacbti-rel1/bin/../lib/gcc/arm-none-eabi/12.2.1/thumb/v6-m/nofp\libc_nano.a(libc_a-reent.o)
                              c:/program files (x86)/arm gnu toolchain arm-none-eabi/12.2 mpacbti-rel1/bin/../lib/gcc/arm-none-eabi/12.2.1/thumb/v6-m/nofp\libc_nano.a(libc_a-closer.o) (errno)
c:/program files (x86)/arm gnu toolchain arm-none-eabi/12.2 mpacbti-rel1/bin/../lib/gcc/arm-none-eabi/12.2.1/thumb/v6-m/nofp\libc_nano.a(libc_a-impure.o)
                              c:/program files (x86)/arm gnu toolchain arm-none-eabi/12.2 mpacbti-rel1/bin/../lib/gcc/arm-none-eabi/12.2.1/thumb/v6-m/nofp\libc_nano.a(libc_a-reent.o) (_impure_ptr)
c:/program files (x86)/arm gnu toolchain arm-none-eabi/12.2 mpacbti-rel1/bin/../lib/gcc/arm-none-eabi/12.2.1/thumb/v6-m/nofp\libc_nano.a(libc_a-lseekr.o)
                              c:/program files (x86)/arm gnu toolchain arm-none-eabi/12.2 mpacbti-rel1/bin/../lib/gcc/arm-none-eabi/12.2.1/thumb/v6-m/nofp\libc_nano.a(libc_a-stdio.o) (_lseek_r)
c:/program files (x86)/arm gnu toolchain arm-none-eabi/12.2 mpacbti-rel1/bin/../lib/gcc/arm-none-eabi/12.2.1/thumb/v6-m/nofp\libc_nano.a(libc_a-readr.o)
                              c:/program files (x86)/arm gnu toolchain arm-none-eabi/12.2 mpacbti-rel1/bin/../lib/gcc/arm-none-eabi/12.2.1/thumb/v6-m/nofp\libc_nano.a(libc_a-stdio.o) (_read_r)
c:/program files (x86)/arm gnu toolchain arm-none-eabi/12.2 mpacbti-rel1/bin/../lib/gcc/arm-none-eabi/12.2.1/thumb/v6-m/nofp\libc_nano.a(libc_a-writer.o)
                              c:/program files (x86)/arm gnu toolchain arm-none-eabi/12.2 mpacbti-rel1/bin/../lib/gcc/arm-none-eabi/12.2.1/thumb/v6-m/nofp\libc_nano.a(libc_a-stdio.o) (_write_r)
c:/program files (x86)/arm gnu toolchain arm-none-eabi/12.2 mpacbti-rel1/bin/../lib/gcc/arm-none-eabi/12.2.1/thumb/v6-m/nofp\libc_nano.a(libc_a-errno.o)
                              syscalls.o (__errno)
c:/program files (x86)/arm gnu toolchain arm-none-eabi/12.2 mpacbti-rel1/bin/../lib/gcc/arm-none-eabi/12.2.1/thumb/v6-m/nofp\libc_nano.a(libc_a-init.o)
                              c:/program files (x86)/arm gnu toolchain arm-none-eabi/12.2 mpacbti-rel1/bin/../lib/gcc/arm-none-eabi/12.2.1/thumb/v6-m/nofp/crt0.o (__libc_init_array)
c:/program files (x86)/arm gnu toolchain arm-none-eabi/12.2 mpacbti-rel1/bin/../lib/gcc/arm-none-eabi/12.2.1/thumb/v6-m/nofp\libc_nano.a(libc_a-lock.o)
                              c:/program files (x86)/arm gnu toolchain arm-none-eabi/12.2 mpacbti-rel1/bin/../lib/gcc/arm-none-eabi/12.2.1/thumb/v6-m/nofp\libc_nano.a(libc_a-findfp.o) (__retarget_lock_init_recursive)
c:/program files (x86)/arm gnu toolchain arm-none-eabi/12.2 mpacbti-rel1/bin/../lib/gcc/arm-none-eabi/12.2.1/thumb/v6-m/nofp\libc_nano.a(libc_a-freer.o)
                              c:/program files (x86)/arm gnu toolchain arm-none-eabi/12.2 mpacbti-rel1/bin/../lib/gcc/arm-none-eabi/12.2.1/thumb/v6-m/nofp\libc_nano.a(libc_a-reent.o) (_free_r)
c:/program files (x86)/arm gnu toolchain arm-none-eabi/12.2 mpacbti-rel1/bin/../lib/gcc/arm-none-eabi/12.2.1/thumb/v6-m/nofp\libc_nano.a(libc_a-mallocr.o)
                              c:/program files (x86)/arm gnu toolchain arm-none-eabi/12.2 mpacbti-rel1/bin/../lib/gcc/arm-none-eabi/12.2.1/thumb/v6-m/nofp\libc_nano.a(libc_a-findfp.o) (_malloc_r)
c:/program files (x86)/arm gnu toolchain arm-none-eabi/12.2 mpacbti-rel1/bin/../lib/gcc/arm-none-eabi/12.2.1/thumb/v6-m/nofp\libc_nano.a(libc_a-mlock.o)
                              c:/program files (x86)/arm gnu toolchain arm-none-eabi/12.2 mpacbti-rel1/bin/../lib/gcc/arm-none-eabi/12.2.1/thumb/v6-m/nofp\libc_nano.a(libc_a-freer.o) (__malloc_lock)
c:/program files (x86)/arm gnu toolchain arm-none-eabi/12.2 mpacbti-rel1/bin/../lib/gcc/arm-none-eabi/12.2.1/thumb/v6-m/nofp\libc_nano.a(libc_a-fflush.o)
                              c:/program files (x86)/arm gnu toolchain arm-none-eabi/12.2 mpacbti-rel1/bin/../lib/gcc/arm-none-eabi/12.2.1/thumb/v6-m/nofp\libc_nano.a(libc_a-findfp.o) (_fflush_r)
c:/program files (x86)/arm gnu toolchain arm-none-eabi/12.2 mpacbti-rel1/bin/../lib/gcc/arm-none-eabi/12.2.1/thumb/v6-m/nofp\libc_nano.a(libc_a-sbrkr.o)
                              c:/program files (x86)/arm gnu toolchain arm-none-eabi/12.2 mpacbti-rel1/bin/../lib/gcc/arm-none-eabi/12.2.1/thumb/v6-m/nofp\libc_nano.a(libc_a-mallocr.o) (_sbrk_r)

Memory Configuration

Name             Origin             Length             Attributes
FLASH            0x08000000         0x00008000         xr
SRAM             0x20000000         0x00001000         xrw
*default*        0x00000000         0xffffffff

Linker script and memory map

LOAD c:/program files (x86)/arm gnu toolchain arm-none-eabi/12.2 mpacbti-rel1/bin/../lib/gcc/arm-none-eabi/12.2.1/thumb/v6-m/nofp/crti.o
LOAD c:/program files (x86)/arm gnu toolchain arm-none-eabi/12.2 mpacbti-rel1/bin/../lib/gcc/arm-none-eabi/12.2.1/thumb/v6-m/nofp/crtbegin.o
LOAD c:/program files (x86)/arm gnu toolchain arm-none-eabi/12.2 mpacbti-rel1/bin/../lib/gcc/arm-none-eabi/12.2.1/thumb/v6-m/nofp/crt0.o
LOAD gpio.o
LOAD lcd.o
LOAD led.o
LOAD main.o
LOAD nvic.o
LOAD stm32_startup.o
LOAD syscalls.o
LOAD syscfg.o
LOAD systick.o
START GROUP
LOAD c:/program files (x86)/arm gnu toolchain arm-none-eabi/12.2 mpacbti-rel1/bin/../lib/gcc/arm-none-eabi/12.2.1/thumb/v6-m/nofp\libgcc.a
LOAD c:/program files (x86)/arm gnu toolchain arm-none-eabi/12.2 mpacbti-rel1/bin/../lib/gcc/arm-none-eabi/12.2.1/thumb/v6-m/nofp\libc_nano.a
END GROUP
START GROUP
LOAD c:/program files (x86)/arm gnu toolchain arm-none-eabi/12.2 mpacbti-rel1/bin/../lib/gcc/arm-none-eabi/12.2.1/thumb/v6-m/nofp\libgcc.a
LOAD c:/program files (x86)/arm gnu toolchain arm-none-eabi/12.2 mpacbti-rel1/bin/../lib/gcc/arm-none-eabi/12.2.1/thumb/v6-m/nofp\libc_nano.a
END GROUP
LOAD c:/program files (x86)/arm gnu toolchain arm-none-eabi/12.2 mpacbti-rel1/bin/../lib/gcc/arm-none-eabi/12.2.1/thumb/v6-m/nofp/crtend.o
LOAD c:/program files (x86)/arm gnu toolchain arm-none-eabi/12.2 mpacbti-rel1/bin/../lib/gcc/arm-none-eabi/12.2.1/thumb/v6-m/nofp/crtn.o

.isr_vector     0x08000000       0xc0
 *(.isr_vector)
 .isr_vector    0x08000000       0xc0 stm32_startup.o
                0x08000000                vectors

.text           0x080000c0     0x1a84
                0x080000c0                        _stext = .
 *(.text)
 .text          0x080000c0        0x0 c:/program files (x86)/arm gnu toolchain arm-none-eabi/12.2 mpacbti-rel1/bin/../lib/gcc/arm-none-eabi/12.2.1/thumb/v6-m/nofp/crti.o
 .text          0x080000c0        0x0 c:/program files (x86)/arm gnu toolchain arm-none-eabi/12.2 mpacbti-rel1/bin/../lib/gcc/arm-none-eabi/12.2.1/thumb/v6-m/nofp/crtbegin.o
 .text          0x080000c0       0x80 c:/program files (x86)/arm gnu toolchain arm-none-eabi/12.2 mpacbti-rel1/bin/../lib/gcc/arm-none-eabi/12.2.1/thumb/v6-m/nofp/crt0.o
                0x080000c0                _stack_init
                0x080000cc                _start
                0x080000cc                _mainCRTStartup
 .text          0x08000140      0x4fc gpio.o
                0x08000140                GPIO_ClockConfig
                0x080002a4                GPIO_DeInit
                0x080003bc                GPIO_Init
                0x080004a8                GPIO_WritePin
                0x080004fe                GPIO_IRQEnable
                0x080005c8                GPIO_ISRHandler
                0x08000610                GPIO_TogglePin
 .text          0x0800063c      0x314 lcd.o
                0x0800063c                lcd_return_home
                0x08000656                lcd_clear
                0x08000670                lcd_send_cmd
                0x080006b4                lcd_send_char
                0x080006f8                lcd_send_str
                0x0800079c                lcd_init
                0x080008b0                lcd_set_cursor
 .text          0x08000950       0x54 led.o
                0x08000950                led_init
                0x08000988                blink_led
 .text          0x080009a4      0x11c main.o
                0x080009a4                main
                0x080009ec                PB0_Init
                0x08000a40                PA0_Init
                0x08000a86                SysTick_Handler
                0x08000aa0                EXTI0_1_IRQHandler
 .text          0x08000ac0      0x12c nvic.o
                0x08000ac0                NVIC_IRQEnable
                0x08000af0                NVIC_IRQDisable
                0x08000b20                NVIC_IRQSetPending
                0x08000b54                NVIC_IRQClearPending
                0x08000b88                NVIC_IRQSetPriority
 .text          0x08000bec       0x94 stm32_startup.o
                0x08000bec                Reset_Handler
                0x08000c74                TSC_IRQHandler
                0x08000c74                HardFault_Handler
                0x08000c74                PendSV_Handler
                0x08000c74                NMI_Handler
                0x08000c74                I2C1_IRQHandler
                0x08000c74                RCC_CRS_IRQHandler
                0x08000c74                SPI1_IRQHandler
                0x08000c74                DMA_CH1_IRQHandler
                0x08000c74                TIM6_DAC_IRQHandler
                0x08000c74                EXTI2_3_IRQHandler
                0x08000c74                I2C2_IRQHandler
                0x08000c74                TIM17_IRQHandler
                0x08000c74                CEC_CAN_IRQHandler
                0x08000c74                RTC_IRQHandler
                0x08000c74                PVD_VDDIO2_IRQHandler
                0x08000c74                TIM1_CC_IRQHandler
                0x08000c74                TIM16_IRQHandler
                0x08000c74                TIM3_IRQHandler
                0x08000c74                EXTI4_15_IRQHandler
                0x08000c74                Default_Handler
                0x08000c74                TIM14_IRQHandler
                0x08000c74                DMA_CH4_5_6_7_DMA2_CH3_4_5_IRQHandler
                0x08000c74                TIM7_IRQHandler
                0x08000c74                TIM15_IRQHandler
                0x08000c74                USB_IRQHandler
                0x08000c74                SPI2_IRQHandler
                0x08000c74                SVC_Handler
                0x08000c74                WWDG_IRQHandler
                0x08000c74                TIM2_IRQHandler
                0x08000c74                ADC_COMP_IRQHandler
                0x08000c74                USART2_IRQHandler
                0x08000c74                USART3_4_5_6_7_8_IRQHandler
                0x08000c74                FLASH_IRQHandler
                0x08000c74                TIM1_BRK_COMP_TRG_COM_IRQHandler
                0x08000c74                USART1_IRQHandler
                0x08000c74                DMA_CH2_3_DMA2_CH1_2_IRQHandler
 .text          0x08000c80      0x254 syscalls.o
                0x08000c80                initialise_monitor_handles
                0x08000c8a                _getpid
                0x08000c96                _kill
                0x08000cb6                _exit
                0x08000cd0                _read
                0x08000d0a                _write
                0x08000d42                _close
                0x08000d56                _fstat
                0x08000d72                _isatty
                0x08000d84                _lseek
                0x08000d9a                _open
                0x08000db6                _wait
                0x08000dd4                _unlink
                0x08000df2                _times
                0x08000e06                _stat
                0x08000e22                _link
                0x08000e42                _fork
                0x08000e5a                _execve
                0x08000e7c                _sbrk
 .text          0x08000ed4      0x188 syscfg.o
                0x08000ed4                EXTI_IT_Config
 .text          0x0800105c       0xdc systick.o
                0x08001090                SysTick_Init
 .text          0x08001138        0x0 c:/program files (x86)/arm gnu toolchain arm-none-eabi/12.2 mpacbti-rel1/bin/../lib/gcc/arm-none-eabi/12.2.1/thumb/v6-m/nofp\libc_nano.a(libc_a-exit.o)
 .text          0x08001138        0x0 c:/program files (x86)/arm gnu toolchain arm-none-eabi/12.2 mpacbti-rel1/bin/../lib/gcc/arm-none-eabi/12.2.1/thumb/v6-m/nofp\libc_nano.a(libc_a-findfp.o)
 .text          0x08001138        0x0 c:/program files (x86)/arm gnu toolchain arm-none-eabi/12.2 mpacbti-rel1/bin/../lib/gcc/arm-none-eabi/12.2.1/thumb/v6-m/nofp\libc_nano.a(libc_a-fwalk.o)
 .text          0x08001138        0x0 c:/program files (x86)/arm gnu toolchain arm-none-eabi/12.2 mpacbti-rel1/bin/../lib/gcc/arm-none-eabi/12.2.1/thumb/v6-m/nofp\libc_nano.a(libc_a-stdio.o)
 .text          0x08001138        0x0 c:/program files (x86)/arm gnu toolchain arm-none-eabi/12.2 mpacbti-rel1/bin/../lib/gcc/arm-none-eabi/12.2.1/thumb/v6-m/nofp\libc_nano.a(libc_a-memset.o)
 .text          0x08001138        0x0 c:/program files (x86)/arm gnu toolchain arm-none-eabi/12.2 mpacbti-rel1/bin/../lib/gcc/arm-none-eabi/12.2.1/thumb/v6-m/nofp\libc_nano.a(libc_a-closer.o)
 .text          0x08001138        0x0 c:/program files (x86)/arm gnu toolchain arm-none-eabi/12.2 mpacbti-rel1/bin/../lib/gcc/arm-none-eabi/12.2.1/thumb/v6-m/nofp\libc_nano.a(libc_a-reent.o)
 .text          0x08001138        0x0 c:/program files (x86)/arm gnu toolchain arm-none-eabi/12.2 mpacbti-rel1/bin/../lib/gcc/arm-none-eabi/12.2.1/thumb/v6-m/nofp\libc_nano.a(libc_a-impure.o)
 .text          0x08001138        0x0 c:/program files (x86)/arm gnu toolchain arm-none-eabi/12.2 mpacbti-rel1/bin/../lib/gcc/arm-none-eabi/12.2.1/thumb/v6-m/nofp\libc_nano.a(libc_a-lseekr.o)
 .text          0x08001138        0x0 c:/program files (x86)/arm gnu toolchain arm-none-eabi/12.2 mpacbti-rel1/bin/../lib/gcc/arm-none-eabi/12.2.1/thumb/v6-m/nofp\libc_nano.a(libc_a-readr.o)
 .text          0x08001138        0x0 c:/program files (x86)/arm gnu toolchain arm-none-eabi/12.2 mpacbti-rel1/bin/../lib/gcc/arm-none-eabi/12.2.1/thumb/v6-m/nofp\libc_nano.a(libc_a-writer.o)
 .text          0x08001138        0x0 c:/program files (x86)/arm gnu toolchain arm-none-eabi/12.2 mpacbti-rel1/bin/../lib/gcc/arm-none-eabi/12.2.1/thumb/v6-m/nofp\libc_nano.a(libc_a-errno.o)
 .text          0x08001138        0x0 c:/program files (x86)/arm gnu toolchain arm-none-eabi/12.2 mpacbti-rel1/bin/../lib/gcc/arm-none-eabi/12.2.1/thumb/v6-m/nofp\libc_nano.a(libc_a-init.o)
 .text          0x08001138        0x0 c:/program files (x86)/arm gnu toolchain arm-none-eabi/12.2 mpacbti-rel1/bin/../lib/gcc/arm-none-eabi/12.2.1/thumb/v6-m/nofp\libc_nano.a(libc_a-lock.o)
 .text          0x08001138        0x0 c:/program files (x86)/arm gnu toolchain arm-none-eabi/12.2 mpacbti-rel1/bin/../lib/gcc/arm-none-eabi/12.2.1/thumb/v6-m/nofp\libc_nano.a(libc_a-freer.o)
 .text          0x08001138        0x0 c:/program files (x86)/arm gnu toolchain arm-none-eabi/12.2 mpacbti-rel1/bin/../lib/gcc/arm-none-eabi/12.2.1/thumb/v6-m/nofp\libc_nano.a(libc_a-mallocr.o)
 .text          0x08001138        0x0 c:/program files (x86)/arm gnu toolchain arm-none-eabi/12.2 mpacbti-rel1/bin/../lib/gcc/arm-none-eabi/12.2.1/thumb/v6-m/nofp\libc_nano.a(libc_a-mlock.o)
 .text          0x08001138        0x0 c:/program files (x86)/arm gnu toolchain arm-none-eabi/12.2 mpacbti-rel1/bin/../lib/gcc/arm-none-eabi/12.2.1/thumb/v6-m/nofp\libc_nano.a(libc_a-fflush.o)
 .text          0x08001138        0x0 c:/program files (x86)/arm gnu toolchain arm-none-eabi/12.2 mpacbti-rel1/bin/../lib/gcc/arm-none-eabi/12.2.1/thumb/v6-m/nofp\libc_nano.a(libc_a-sbrkr.o)
 .text          0x08001138        0x0 c:/program files (x86)/arm gnu toolchain arm-none-eabi/12.2 mpacbti-rel1/bin/../lib/gcc/arm-none-eabi/12.2.1/thumb/v6-m/nofp/crtend.o
 .text          0x08001138        0x0 c:/program files (x86)/arm gnu toolchain arm-none-eabi/12.2 mpacbti-rel1/bin/../lib/gcc/arm-none-eabi/12.2.1/thumb/v6-m/nofp/crtn.o
 *(.text.*)
 .text.deregister_tm_clones
                0x08001138       0x20 c:/program files (x86)/arm gnu toolchain arm-none-eabi/12.2 mpacbti-rel1/bin/../lib/gcc/arm-none-eabi/12.2.1/thumb/v6-m/nofp/crtbegin.o
 .text.register_tm_clones
                0x08001158       0x28 c:/program files (x86)/arm gnu toolchain arm-none-eabi/12.2 mpacbti-rel1/bin/../lib/gcc/arm-none-eabi/12.2.1/thumb/v6-m/nofp/crtbegin.o
 .text.__do_global_dtors_aux
                0x08001180       0x2c c:/program files (x86)/arm gnu toolchain arm-none-eabi/12.2 mpacbti-rel1/bin/../lib/gcc/arm-none-eabi/12.2.1/thumb/v6-m/nofp/crtbegin.o
 .text.frame_dummy
                0x080011ac       0x24 c:/program files (x86)/arm gnu toolchain arm-none-eabi/12.2 mpacbti-rel1/bin/../lib/gcc/arm-none-eabi/12.2.1/thumb/v6-m/nofp/crtbegin.o
 .text.exit     0x080011d0       0x28 c:/program files (x86)/arm gnu toolchain arm-none-eabi/12.2 mpacbti-rel1/bin/../lib/gcc/arm-none-eabi/12.2.1/thumb/v6-m/nofp\libc_nano.a(libc_a-exit.o)
                0x080011d0                exit
 .text.std      0x080011f8       0x6c c:/program files (x86)/arm gnu toolchain arm-none-eabi/12.2 mpacbti-rel1/bin/../lib/gcc/arm-none-eabi/12.2.1/thumb/v6-m/nofp\libc_nano.a(libc_a-findfp.o)
 .text.stdio_exit_handler
                0x08001264       0x1c c:/program files (x86)/arm gnu toolchain arm-none-eabi/12.2 mpacbti-rel1/bin/../lib/gcc/arm-none-eabi/12.2.1/thumb/v6-m/nofp\libc_nano.a(libc_a-findfp.o)
 .text.cleanup_stdio
                0x08001280       0x3c c:/program files (x86)/arm gnu toolchain arm-none-eabi/12.2 mpacbti-rel1/bin/../lib/gcc/arm-none-eabi/12.2.1/thumb/v6-m/nofp\libc_nano.a(libc_a-findfp.o)
 .text.__fp_lock
                0x080012bc       0x18 c:/program files (x86)/arm gnu toolchain arm-none-eabi/12.2 mpacbti-rel1/bin/../lib/gcc/arm-none-eabi/12.2.1/thumb/v6-m/nofp\libc_nano.a(libc_a-findfp.o)
 .text.__fp_unlock
                0x080012d4       0x18 c:/program files (x86)/arm gnu toolchain arm-none-eabi/12.2 mpacbti-rel1/bin/../lib/gcc/arm-none-eabi/12.2.1/thumb/v6-m/nofp\libc_nano.a(libc_a-findfp.o)
 .text.global_stdio_init.part.0
                0x080012ec       0x3c c:/program files (x86)/arm gnu toolchain arm-none-eabi/12.2 mpacbti-rel1/bin/../lib/gcc/arm-none-eabi/12.2.1/thumb/v6-m/nofp\libc_nano.a(libc_a-findfp.o)
 .text.__sfp_lock_acquire
                0x08001328       0x10 c:/program files (x86)/arm gnu toolchain arm-none-eabi/12.2 mpacbti-rel1/bin/../lib/gcc/arm-none-eabi/12.2.1/thumb/v6-m/nofp\libc_nano.a(libc_a-findfp.o)
                0x08001328                __sfp_lock_acquire
 .text.__sfp_lock_release
                0x08001338       0x10 c:/program files (x86)/arm gnu toolchain arm-none-eabi/12.2 mpacbti-rel1/bin/../lib/gcc/arm-none-eabi/12.2.1/thumb/v6-m/nofp\libc_nano.a(libc_a-findfp.o)
                0x08001338                __sfp_lock_release
 .text.__sfp    0x08001348       0xa8 c:/program files (x86)/arm gnu toolchain arm-none-eabi/12.2 mpacbti-rel1/bin/../lib/gcc/arm-none-eabi/12.2.1/thumb/v6-m/nofp\libc_nano.a(libc_a-findfp.o)
                0x08001348                __sfp
 .text.__sinit  0x080013f0       0x30 c:/program files (x86)/arm gnu toolchain arm-none-eabi/12.2 mpacbti-rel1/bin/../lib/gcc/arm-none-eabi/12.2.1/thumb/v6-m/nofp\libc_nano.a(libc_a-findfp.o)
                0x080013f0                __sinit
 .text.__fp_lock_all
                0x08001420       0x1c c:/program files (x86)/arm gnu toolchain arm-none-eabi/12.2 mpacbti-rel1/bin/../lib/gcc/arm-none-eabi/12.2.1/thumb/v6-m/nofp\libc_nano.a(libc_a-findfp.o)
                0x08001420                __fp_lock_all
 .text.__fp_unlock_all
                0x0800143c       0x1c c:/program files (x86)/arm gnu toolchain arm-none-eabi/12.2 mpacbti-rel1/bin/../lib/gcc/arm-none-eabi/12.2.1/thumb/v6-m/nofp\libc_nano.a(libc_a-findfp.o)
                0x0800143c                __fp_unlock_all
 .text._fwalk_sglue
                0x08001458       0x38 c:/program files (x86)/arm gnu toolchain arm-none-eabi/12.2 mpacbti-rel1/bin/../lib/gcc/arm-none-eabi/12.2.1/thumb/v6-m/nofp\libc_nano.a(libc_a-fwalk.o)
                0x08001458                _fwalk_sglue
 .text.__sread  0x08001490       0x28 c:/program files (x86)/arm gnu toolchain arm-none-eabi/12.2 mpacbti-rel1/bin/../lib/gcc/arm-none-eabi/12.2.1/thumb/v6-m/nofp\libc_nano.a(libc_a-stdio.o)
                0x08001490                __sread
 .text.__seofread
                0x080014b8        0x4 c:/program files (x86)/arm gnu toolchain arm-none-eabi/12.2 mpacbti-rel1/bin/../lib/gcc/arm-none-eabi/12.2.1/thumb/v6-m/nofp\libc_nano.a(libc_a-stdio.o)
                0x080014b8                __seofread
 .text.__swrite
                0x080014bc       0x38 c:/program files (x86)/arm gnu toolchain arm-none-eabi/12.2 mpacbti-rel1/bin/../lib/gcc/arm-none-eabi/12.2.1/thumb/v6-m/nofp\libc_nano.a(libc_a-stdio.o)
                0x080014bc                __swrite
 .text.__sseek  0x080014f4       0x2c c:/program files (x86)/arm gnu toolchain arm-none-eabi/12.2 mpacbti-rel1/bin/../lib/gcc/arm-none-eabi/12.2.1/thumb/v6-m/nofp\libc_nano.a(libc_a-stdio.o)
                0x080014f4                __sseek
 .text.__sclose
                0x08001520        0xc c:/program files (x86)/arm gnu toolchain arm-none-eabi/12.2 mpacbti-rel1/bin/../lib/gcc/arm-none-eabi/12.2.1/thumb/v6-m/nofp\libc_nano.a(libc_a-stdio.o)
                0x08001520                __sclose
 .text.memset   0x0800152c       0x10 c:/program files (x86)/arm gnu toolchain arm-none-eabi/12.2 mpacbti-rel1/bin/../lib/gcc/arm-none-eabi/12.2.1/thumb/v6-m/nofp\libc_nano.a(libc_a-memset.o)
                0x0800152c                memset
 .text._close_r
                0x0800153c       0x24 c:/program files (x86)/arm gnu toolchain arm-none-eabi/12.2 mpacbti-rel1/bin/../lib/gcc/arm-none-eabi/12.2.1/thumb/v6-m/nofp\libc_nano.a(libc_a-closer.o)
                0x0800153c                _close_r
 .text._reclaim_reent
                0x08001560       0xc0 c:/program files (x86)/arm gnu toolchain arm-none-eabi/12.2 mpacbti-rel1/bin/../lib/gcc/arm-none-eabi/12.2.1/thumb/v6-m/nofp\libc_nano.a(libc_a-reent.o)
                0x08001560                _reclaim_reent
 .text._lseek_r
                0x08001620       0x28 c:/program files (x86)/arm gnu toolchain arm-none-eabi/12.2 mpacbti-rel1/bin/../lib/gcc/arm-none-eabi/12.2.1/thumb/v6-m/nofp\libc_nano.a(libc_a-lseekr.o)
                0x08001620                _lseek_r
 .text._read_r  0x08001648       0x28 c:/program files (x86)/arm gnu toolchain arm-none-eabi/12.2 mpacbti-rel1/bin/../lib/gcc/arm-none-eabi/12.2.1/thumb/v6-m/nofp\libc_nano.a(libc_a-readr.o)
                0x08001648                _read_r
 .text._write_r
                0x08001670       0x28 c:/program files (x86)/arm gnu toolchain arm-none-eabi/12.2 mpacbti-rel1/bin/../lib/gcc/arm-none-eabi/12.2.1/thumb/v6-m/nofp\libc_nano.a(libc_a-writer.o)
                0x08001670                _write_r
 .text.__errno  0x08001698        0xc c:/program files (x86)/arm gnu toolchain arm-none-eabi/12.2 mpacbti-rel1/bin/../lib/gcc/arm-none-eabi/12.2.1/thumb/v6-m/nofp\libc_nano.a(libc_a-errno.o)
                0x08001698                __errno
 .text.__libc_init_array
                0x080016a4       0x48 c:/program files (x86)/arm gnu toolchain arm-none-eabi/12.2 mpacbti-rel1/bin/../lib/gcc/arm-none-eabi/12.2.1/thumb/v6-m/nofp\libc_nano.a(libc_a-init.o)
                0x080016a4                __libc_init_array
 .text.__retarget_lock_init
                0x080016ec        0x2 c:/program files (x86)/arm gnu toolchain arm-none-eabi/12.2 mpacbti-rel1/bin/../lib/gcc/arm-none-eabi/12.2.1/thumb/v6-m/nofp\libc_nano.a(libc_a-lock.o)
                0x080016ec                __retarget_lock_init
 .text.__retarget_lock_init_recursive
                0x080016ee        0x2 c:/program files (x86)/arm gnu toolchain arm-none-eabi/12.2 mpacbti-rel1/bin/../lib/gcc/arm-none-eabi/12.2.1/thumb/v6-m/nofp\libc_nano.a(libc_a-lock.o)
                0x080016ee                __retarget_lock_init_recursive
 .text.__retarget_lock_close
                0x080016f0        0x2 c:/program files (x86)/arm gnu toolchain arm-none-eabi/12.2 mpacbti-rel1/bin/../lib/gcc/arm-none-eabi/12.2.1/thumb/v6-m/nofp\libc_nano.a(libc_a-lock.o)
                0x080016f0                __retarget_lock_close
 .text.__retarget_lock_close_recursive
                0x080016f2        0x2 c:/program files (x86)/arm gnu toolchain arm-none-eabi/12.2 mpacbti-rel1/bin/../lib/gcc/arm-none-eabi/12.2.1/thumb/v6-m/nofp\libc_nano.a(libc_a-lock.o)
                0x080016f2                __retarget_lock_close_recursive
 .text.__retarget_lock_acquire
                0x080016f4        0x2 c:/program files (x86)/arm gnu toolchain arm-none-eabi/12.2 mpacbti-rel1/bin/../lib/gcc/arm-none-eabi/12.2.1/thumb/v6-m/nofp\libc_nano.a(libc_a-lock.o)
                0x080016f4                __retarget_lock_acquire
 .text.__retarget_lock_acquire_recursive
                0x080016f6        0x2 c:/program files (x86)/arm gnu toolchain arm-none-eabi/12.2 mpacbti-rel1/bin/../lib/gcc/arm-none-eabi/12.2.1/thumb/v6-m/nofp\libc_nano.a(libc_a-lock.o)
                0x080016f6                __retarget_lock_acquire_recursive
 .text.__retarget_lock_try_acquire
                0x080016f8        0x4 c:/program files (x86)/arm gnu toolchain arm-none-eabi/12.2 mpacbti-rel1/bin/../lib/gcc/arm-none-eabi/12.2.1/thumb/v6-m/nofp\libc_nano.a(libc_a-lock.o)
                0x080016f8                __retarget_lock_try_acquire
 .text.__retarget_lock_try_acquire_recursive
                0x080016fc        0x4 c:/program files (x86)/arm gnu toolchain arm-none-eabi/12.2 mpacbti-rel1/bin/../lib/gcc/arm-none-eabi/12.2.1/thumb/v6-m/nofp\libc_nano.a(libc_a-lock.o)
                0x080016fc                __retarget_lock_try_acquire_recursive
 .text.__retarget_lock_release
                0x08001700        0x2 c:/program files (x86)/arm gnu toolchain arm-none-eabi/12.2 mpacbti-rel1/bin/../lib/gcc/arm-none-eabi/12.2.1/thumb/v6-m/nofp\libc_nano.a(libc_a-lock.o)
                0x08001700                __retarget_lock_release
 .text.__retarget_lock_release_recursive
                0x08001702        0x2 c:/program files (x86)/arm gnu toolchain arm-none-eabi/12.2 mpacbti-rel1/bin/../lib/gcc/arm-none-eabi/12.2.1/thumb/v6-m/nofp\libc_nano.a(libc_a-lock.o)
                0x08001702                __retarget_lock_release_recursive
 .text._free_r  0x08001704       0x94 c:/program files (x86)/arm gnu toolchain arm-none-eabi/12.2 mpacbti-rel1/bin/../lib/gcc/arm-none-eabi/12.2.1/thumb/v6-m/nofp\libc_nano.a(libc_a-freer.o)
                0x08001704                _free_r
 .text.sbrk_aligned
                0x08001798       0x44 c:/program files (x86)/arm gnu toolchain arm-none-eabi/12.2 mpacbti-rel1/bin/../lib/gcc/arm-none-eabi/12.2.1/thumb/v6-m/nofp\libc_nano.a(libc_a-mallocr.o)
 .text._malloc_r
                0x080017dc      0x100 c:/program files (x86)/arm gnu toolchain arm-none-eabi/12.2 mpacbti-rel1/bin/../lib/gcc/arm-none-eabi/12.2.1/thumb/v6-m/nofp\libc_nano.a(libc_a-mallocr.o)
                0x080017dc                _malloc_r
 .text.__malloc_lock
                0x080018dc       0x10 c:/program files (x86)/arm gnu toolchain arm-none-eabi/12.2 mpacbti-rel1/bin/../lib/gcc/arm-none-eabi/12.2.1/thumb/v6-m/nofp\libc_nano.a(libc_a-mlock.o)
                0x080018dc                __malloc_lock
 .text.__malloc_unlock
                0x080018ec       0x10 c:/program files (x86)/arm gnu toolchain arm-none-eabi/12.2 mpacbti-rel1/bin/../lib/gcc/arm-none-eabi/12.2.1/thumb/v6-m/nofp\libc_nano.a(libc_a-mlock.o)
                0x080018ec                __malloc_unlock
 .text.__sflush_r
                0x080018fc      0x11c c:/program files (x86)/arm gnu toolchain arm-none-eabi/12.2 mpacbti-rel1/bin/../lib/gcc/arm-none-eabi/12.2.1/thumb/v6-m/nofp\libc_nano.a(libc_a-fflush.o)
                0x080018fc                __sflush_r
 .text._fflush_r
                0x08001a18       0x56 c:/program files (x86)/arm gnu toolchain arm-none-eabi/12.2 mpacbti-rel1/bin/../lib/gcc/arm-none-eabi/12.2.1/thumb/v6-m/nofp\libc_nano.a(libc_a-fflush.o)
                0x08001a18                _fflush_r
 *fill*         0x08001a6e        0x2 
 .text.fflush   0x08001a70       0x30 c:/program files (x86)/arm gnu toolchain arm-none-eabi/12.2 mpacbti-rel1/bin/../lib/gcc/arm-none-eabi/12.2.1/thumb/v6-m/nofp\libc_nano.a(libc_a-fflush.o)
                0x08001a70                fflush
 .text._sbrk_r  0x08001aa0       0x24 c:/program files (x86)/arm gnu toolchain arm-none-eabi/12.2 mpacbti-rel1/bin/../lib/gcc/arm-none-eabi/12.2.1/thumb/v6-m/nofp\libc_nano.a(libc_a-sbrkr.o)
                0x08001aa0                _sbrk_r
 *(.init)
 .init          0x08001ac4        0x4 c:/program files (x86)/arm gnu toolchain arm-none-eabi/12.2 mpacbti-rel1/bin/../lib/gcc/arm-none-eabi/12.2.1/thumb/v6-m/nofp/crti.o
                0x08001ac4                _init
 .init          0x08001ac8        0x8 c:/program files (x86)/arm gnu toolchain arm-none-eabi/12.2 mpacbti-rel1/bin/../lib/gcc/arm-none-eabi/12.2.1/thumb/v6-m/nofp/crtn.o
 *(.fini)
 .fini          0x08001ad0        0x4 c:/program files (x86)/arm gnu toolchain arm-none-eabi/12.2 mpacbti-rel1/bin/../lib/gcc/arm-none-eabi/12.2.1/thumb/v6-m/nofp/crti.o
                0x08001ad0                _fini
 .fini          0x08001ad4        0x8 c:/program files (x86)/arm gnu toolchain arm-none-eabi/12.2 mpacbti-rel1/bin/../lib/gcc/arm-none-eabi/12.2.1/thumb/v6-m/nofp/crtn.o
 *(.rodata)
 .rodata        0x08001adc       0x1e main.o
 *(.rodata.*)
 *fill*         0x08001afa        0x2 
 .rodata.all_implied_fbits
                0x08001afc       0x24 c:/program files (x86)/arm gnu toolchain arm-none-eabi/12.2 mpacbti-rel1/bin/../lib/gcc/arm-none-eabi/12.2.1/thumb/v6-m/nofp/crtbegin.o
 .rodata.all_implied_fbits
                0x08001b20       0x24 c:/program files (x86)/arm gnu toolchain arm-none-eabi/12.2 mpacbti-rel1/bin/../lib/gcc/arm-none-eabi/12.2.1/thumb/v6-m/nofp/crtend.o
                0x08001b44                        . = ALIGN (0x4)
                0x08001b44                        _etext = .
                0x08001b50                        _la_data = LOADADDR (.data)

.eh_frame       0x08001b44        0x4
 .eh_frame      0x08001b44        0x0 c:/program files (x86)/arm gnu toolchain arm-none-eabi/12.2 mpacbti-rel1/bin/../lib/gcc/arm-none-eabi/12.2.1/thumb/v6-m/nofp/crtbegin.o
 .eh_frame      0x08001b44        0x4 c:/program files (x86)/arm gnu toolchain arm-none-eabi/12.2 mpacbti-rel1/bin/../lib/gcc/arm-none-eabi/12.2.1/thumb/v6-m/nofp/crtend.o

.ARM.extab      0x08001b48        0x0
 .ARM.extab     0x08001b48        0x0 c:/program files (x86)/arm gnu toolchain arm-none-eabi/12.2 mpacbti-rel1/bin/../lib/gcc/arm-none-eabi/12.2.1/thumb/v6-m/nofp/crt0.o

.ARM.exidx      0x08001b48        0x8
 .ARM.exidx     0x08001b48        0x8 c:/program files (x86)/arm gnu toolchain arm-none-eabi/12.2 mpacbti-rel1/bin/../lib/gcc/arm-none-eabi/12.2.1/thumb/v6-m/nofp/crt0.o
                                 0x10 (size before relaxing)

.glue_7         0x08001b50        0x0
 .glue_7        0x08001b50        0x0 linker stubs

.glue_7t        0x08001b50        0x0
 .glue_7t       0x08001b50        0x0 linker stubs

.vfp11_veneer   0x08001b50        0x0
 .vfp11_veneer  0x08001b50        0x0 linker stubs

.v4_bx          0x08001b50        0x0
 .v4_bx         0x08001b50        0x0 linker stubs

.iplt           0x08001b50        0x0
 .iplt          0x08001b50        0x0 c:/program files (x86)/arm gnu toolchain arm-none-eabi/12.2 mpacbti-rel1/bin/../lib/gcc/arm-none-eabi/12.2.1/thumb/v6-m/nofp/crtbegin.o

.rel.dyn        0x08001b50        0x0
 .rel.iplt      0x08001b50        0x0 c:/program files (x86)/arm gnu toolchain arm-none-eabi/12.2 mpacbti-rel1/bin/../lib/gcc/arm-none-eabi/12.2.1/thumb/v6-m/nofp/crtbegin.o

.data           0x20000000       0x64 load address 0x08001b50
                0x20000000                        _sdata = .
 *(.data)
 .data          0x20000000        0x0 c:/program files (x86)/arm gnu toolchain arm-none-eabi/12.2 mpacbti-rel1/bin/../lib/gcc/arm-none-eabi/12.2.1/thumb/v6-m/nofp/crti.o
 .data          0x20000000        0x0 c:/program files (x86)/arm gnu toolchain arm-none-eabi/12.2 mpacbti-rel1/bin/../lib/gcc/arm-none-eabi/12.2.1/thumb/v6-m/nofp/crtbegin.o
 .data          0x20000000        0x0 c:/program files (x86)/arm gnu toolchain arm-none-eabi/12.2 mpacbti-rel1/bin/../lib/gcc/arm-none-eabi/12.2.1/thumb/v6-m/nofp/crt0.o
 .data          0x20000000        0x0 gpio.o
 .data          0x20000000        0x0 lcd.o
 .data          0x20000000        0x0 led.o
 .data          0x20000000        0x0 main.o
 .data          0x20000000        0x0 nvic.o
 .data          0x20000000        0x0 stm32_startup.o
 .data          0x20000000        0x4 syscalls.o
                0x20000000                environ
 .data          0x20000004        0x0 syscfg.o
 .data          0x20000004        0x0 systick.o
 .data          0x20000004        0x0 c:/program files (x86)/arm gnu toolchain arm-none-eabi/12.2 mpacbti-rel1/bin/../lib/gcc/arm-none-eabi/12.2.1/thumb/v6-m/nofp\libc_nano.a(libc_a-exit.o)
 .data          0x20000004        0x0 c:/program files (x86)/arm gnu toolchain arm-none-eabi/12.2 mpacbti-rel1/bin/../lib/gcc/arm-none-eabi/12.2.1/thumb/v6-m/nofp\libc_nano.a(libc_a-findfp.o)
 .data          0x20000004        0x0 c:/program files (x86)/arm gnu toolchain arm-none-eabi/12.2 mpacbti-rel1/bin/../lib/gcc/arm-none-eabi/12.2.1/thumb/v6-m/nofp\libc_nano.a(libc_a-fwalk.o)
 .data          0x20000004        0x0 c:/program files (x86)/arm gnu toolchain arm-none-eabi/12.2 mpacbti-rel1/bin/../lib/gcc/arm-none-eabi/12.2.1/thumb/v6-m/nofp\libc_nano.a(libc_a-stdio.o)
 .data          0x20000004        0x0 c:/program files (x86)/arm gnu toolchain arm-none-eabi/12.2 mpacbti-rel1/bin/../lib/gcc/arm-none-eabi/12.2.1/thumb/v6-m/nofp\libc_nano.a(libc_a-memset.o)
 .data          0x20000004        0x0 c:/program files (x86)/arm gnu toolchain arm-none-eabi/12.2 mpacbti-rel1/bin/../lib/gcc/arm-none-eabi/12.2.1/thumb/v6-m/nofp\libc_nano.a(libc_a-closer.o)
 .data          0x20000004        0x0 c:/program files (x86)/arm gnu toolchain arm-none-eabi/12.2 mpacbti-rel1/bin/../lib/gcc/arm-none-eabi/12.2.1/thumb/v6-m/nofp\libc_nano.a(libc_a-reent.o)
 .data          0x20000004        0x0 c:/program files (x86)/arm gnu toolchain arm-none-eabi/12.2 mpacbti-rel1/bin/../lib/gcc/arm-none-eabi/12.2.1/thumb/v6-m/nofp\libc_nano.a(libc_a-impure.o)
 .data          0x20000004        0x0 c:/program files (x86)/arm gnu toolchain arm-none-eabi/12.2 mpacbti-rel1/bin/../lib/gcc/arm-none-eabi/12.2.1/thumb/v6-m/nofp\libc_nano.a(libc_a-lseekr.o)
 .data          0x20000004        0x0 c:/program files (x86)/arm gnu toolchain arm-none-eabi/12.2 mpacbti-rel1/bin/../lib/gcc/arm-none-eabi/12.2.1/thumb/v6-m/nofp\libc_nano.a(libc_a-readr.o)
 .data          0x20000004        0x0 c:/program files (x86)/arm gnu toolchain arm-none-eabi/12.2 mpacbti-rel1/bin/../lib/gcc/arm-none-eabi/12.2.1/thumb/v6-m/nofp\libc_nano.a(libc_a-writer.o)
 .data          0x20000004        0x0 c:/program files (x86)/arm gnu toolchain arm-none-eabi/12.2 mpacbti-rel1/bin/../lib/gcc/arm-none-eabi/12.2.1/thumb/v6-m/nofp\libc_nano.a(libc_a-errno.o)
 .data          0x20000004        0x0 c:/program files (x86)/arm gnu toolchain arm-none-eabi/12.2 mpacbti-rel1/bin/../lib/gcc/arm-none-eabi/12.2.1/thumb/v6-m/nofp\libc_nano.a(libc_a-init.o)
 .data          0x20000004        0x0 c:/program files (x86)/arm gnu toolchain arm-none-eabi/12.2 mpacbti-rel1/bin/../lib/gcc/arm-none-eabi/12.2.1/thumb/v6-m/nofp\libc_nano.a(libc_a-lock.o)
 .data          0x20000004        0x0 c:/program files (x86)/arm gnu toolchain arm-none-eabi/12.2 mpacbti-rel1/bin/../lib/gcc/arm-none-eabi/12.2.1/thumb/v6-m/nofp\libc_nano.a(libc_a-freer.o)
 .data          0x20000004        0x0 c:/program files (x86)/arm gnu toolchain arm-none-eabi/12.2 mpacbti-rel1/bin/../lib/gcc/arm-none-eabi/12.2.1/thumb/v6-m/nofp\libc_nano.a(libc_a-mallocr.o)
 .data          0x20000004        0x0 c:/program files (x86)/arm gnu toolchain arm-none-eabi/12.2 mpacbti-rel1/bin/../lib/gcc/arm-none-eabi/12.2.1/thumb/v6-m/nofp\libc_nano.a(libc_a-mlock.o)
 .data          0x20000004        0x0 c:/program files (x86)/arm gnu toolchain arm-none-eabi/12.2 mpacbti-rel1/bin/../lib/gcc/arm-none-eabi/12.2.1/thumb/v6-m/nofp\libc_nano.a(libc_a-fflush.o)
 .data          0x20000004        0x0 c:/program files (x86)/arm gnu toolchain arm-none-eabi/12.2 mpacbti-rel1/bin/../lib/gcc/arm-none-eabi/12.2.1/thumb/v6-m/nofp\libc_nano.a(libc_a-sbrkr.o)
 .data          0x20000004        0x0 c:/program files (x86)/arm gnu toolchain arm-none-eabi/12.2 mpacbti-rel1/bin/../lib/gcc/arm-none-eabi/12.2.1/thumb/v6-m/nofp/crtend.o
 .data          0x20000004        0x0 c:/program files (x86)/arm gnu toolchain arm-none-eabi/12.2 mpacbti-rel1/bin/../lib/gcc/arm-none-eabi/12.2.1/thumb/v6-m/nofp/crtn.o
 *(.data.*)
 .data.__dso_handle
                0x20000004        0x4 c:/program files (x86)/arm gnu toolchain arm-none-eabi/12.2 mpacbti-rel1/bin/../lib/gcc/arm-none-eabi/12.2.1/thumb/v6-m/nofp/crtbegin.o
                0x20000004                __dso_handle
 .data.__sglue  0x20000008        0xc c:/program files (x86)/arm gnu toolchain arm-none-eabi/12.2 mpacbti-rel1/bin/../lib/gcc/arm-none-eabi/12.2.1/thumb/v6-m/nofp\libc_nano.a(libc_a-findfp.o)
                0x20000008                __sglue
 .data._impure_ptr
                0x20000014        0x4 c:/program files (x86)/arm gnu toolchain arm-none-eabi/12.2 mpacbti-rel1/bin/../lib/gcc/arm-none-eabi/12.2.1/thumb/v6-m/nofp\libc_nano.a(libc_a-impure.o)
                0x20000014                _impure_ptr
 .data._impure_data
                0x20000018       0x4c c:/program files (x86)/arm gnu toolchain arm-none-eabi/12.2 mpacbti-rel1/bin/../lib/gcc/arm-none-eabi/12.2.1/thumb/v6-m/nofp\libc_nano.a(libc_a-impure.o)
                0x20000018                _impure_data
                0x20000064                        . = ALIGN (0x4)
                0x20000064                        _edata = .

.init_array     0x20000064        0x4 load address 0x08001bb4
 .init_array    0x20000064        0x4 c:/program files (x86)/arm gnu toolchain arm-none-eabi/12.2 mpacbti-rel1/bin/../lib/gcc/arm-none-eabi/12.2.1/thumb/v6-m/nofp/crtbegin.o

.fini_array     0x20000068        0x4 load address 0x08001bb8
 .fini_array    0x20000068        0x4 c:/program files (x86)/arm gnu toolchain arm-none-eabi/12.2 mpacbti-rel1/bin/../lib/gcc/arm-none-eabi/12.2.1/thumb/v6-m/nofp/crtbegin.o

.tm_clone_table
                0x2000006c        0x0 load address 0x08001bbc
 .tm_clone_table
                0x2000006c        0x0 c:/program files (x86)/arm gnu toolchain arm-none-eabi/12.2 mpacbti-rel1/bin/../lib/gcc/arm-none-eabi/12.2.1/thumb/v6-m/nofp/crtbegin.o
 .tm_clone_table
                0x2000006c        0x0 c:/program files (x86)/arm gnu toolchain arm-none-eabi/12.2 mpacbti-rel1/bin/../lib/gcc/arm-none-eabi/12.2.1/thumb/v6-m/nofp/crtend.o

.igot.plt       0x2000006c        0x0 load address 0x08001bbc
 .igot.plt      0x2000006c        0x0 c:/program files (x86)/arm gnu toolchain arm-none-eabi/12.2 mpacbti-rel1/bin/../lib/gcc/arm-none-eabi/12.2.1/thumb/v6-m/nofp/crtbegin.o

.bss            0x2000006c      0x174 load address 0x08001bbc
                0x2000006c                        _sbss = .
                0x2000006c                        __bss_start__ = _sbss
 *(.bss)
 .bss           0x2000006c        0x0 c:/program files (x86)/arm gnu toolchain arm-none-eabi/12.2 mpacbti-rel1/bin/../lib/gcc/arm-none-eabi/12.2.1/thumb/v6-m/nofp/crti.o
 .bss           0x2000006c        0x0 c:/program files (x86)/arm gnu toolchain arm-none-eabi/12.2 mpacbti-rel1/bin/../lib/gcc/arm-none-eabi/12.2.1/thumb/v6-m/nofp/crtbegin.o
 .bss           0x2000006c        0x0 c:/program files (x86)/arm gnu toolchain arm-none-eabi/12.2 mpacbti-rel1/bin/../lib/gcc/arm-none-eabi/12.2.1/thumb/v6-m/nofp/crt0.o
 .bss           0x2000006c        0x0 gpio.o
 .bss           0x2000006c        0x0 lcd.o
 .bss           0x2000006c        0x0 led.o
 .bss           0x2000006c        0x0 main.o
 .bss           0x2000006c        0x0 nvic.o
 .bss           0x2000006c        0x0 stm32_startup.o
 .bss           0x2000006c        0x8 syscalls.o
                0x2000006c                __env
 .bss           0x20000074        0x0 syscfg.o
 .bss           0x20000074        0x0 systick.o
 .bss           0x20000074        0x0 c:/program files (x86)/arm gnu toolchain arm-none-eabi/12.2 mpacbti-rel1/bin/../lib/gcc/arm-none-eabi/12.2.1/thumb/v6-m/nofp\libc_nano.a(libc_a-exit.o)
 .bss           0x20000074        0x0 c:/program files (x86)/arm gnu toolchain arm-none-eabi/12.2 mpacbti-rel1/bin/../lib/gcc/arm-none-eabi/12.2.1/thumb/v6-m/nofp\libc_nano.a(libc_a-findfp.o)
 .bss           0x20000074        0x0 c:/program files (x86)/arm gnu toolchain arm-none-eabi/12.2 mpacbti-rel1/bin/../lib/gcc/arm-none-eabi/12.2.1/thumb/v6-m/nofp\libc_nano.a(libc_a-fwalk.o)
 .bss           0x20000074        0x0 c:/program files (x86)/arm gnu toolchain arm-none-eabi/12.2 mpacbti-rel1/bin/../lib/gcc/arm-none-eabi/12.2.1/thumb/v6-m/nofp\libc_nano.a(libc_a-stdio.o)
 .bss           0x20000074        0x0 c:/program files (x86)/arm gnu toolchain arm-none-eabi/12.2 mpacbti-rel1/bin/../lib/gcc/arm-none-eabi/12.2.1/thumb/v6-m/nofp\libc_nano.a(libc_a-memset.o)
 .bss           0x20000074        0x0 c:/program files (x86)/arm gnu toolchain arm-none-eabi/12.2 mpacbti-rel1/bin/../lib/gcc/arm-none-eabi/12.2.1/thumb/v6-m/nofp\libc_nano.a(libc_a-closer.o)
 .bss           0x20000074        0x0 c:/program files (x86)/arm gnu toolchain arm-none-eabi/12.2 mpacbti-rel1/bin/../lib/gcc/arm-none-eabi/12.2.1/thumb/v6-m/nofp\libc_nano.a(libc_a-reent.o)
 .bss           0x20000074        0x0 c:/program files (x86)/arm gnu toolchain arm-none-eabi/12.2 mpacbti-rel1/bin/../lib/gcc/arm-none-eabi/12.2.1/thumb/v6-m/nofp\libc_nano.a(libc_a-impure.o)
 .bss           0x20000074        0x0 c:/program files (x86)/arm gnu toolchain arm-none-eabi/12.2 mpacbti-rel1/bin/../lib/gcc/arm-none-eabi/12.2.1/thumb/v6-m/nofp\libc_nano.a(libc_a-lseekr.o)
 .bss           0x20000074        0x0 c:/program files (x86)/arm gnu toolchain arm-none-eabi/12.2 mpacbti-rel1/bin/../lib/gcc/arm-none-eabi/12.2.1/thumb/v6-m/nofp\libc_nano.a(libc_a-readr.o)
 .bss           0x20000074        0x0 c:/program files (x86)/arm gnu toolchain arm-none-eabi/12.2 mpacbti-rel1/bin/../lib/gcc/arm-none-eabi/12.2.1/thumb/v6-m/nofp\libc_nano.a(libc_a-writer.o)
 .bss           0x20000074        0x0 c:/program files (x86)/arm gnu toolchain arm-none-eabi/12.2 mpacbti-rel1/bin/../lib/gcc/arm-none-eabi/12.2.1/thumb/v6-m/nofp\libc_nano.a(libc_a-errno.o)
 .bss           0x20000074        0x0 c:/program files (x86)/arm gnu toolchain arm-none-eabi/12.2 mpacbti-rel1/bin/../lib/gcc/arm-none-eabi/12.2.1/thumb/v6-m/nofp\libc_nano.a(libc_a-init.o)
 .bss           0x20000074        0x0 c:/program files (x86)/arm gnu toolchain arm-none-eabi/12.2 mpacbti-rel1/bin/../lib/gcc/arm-none-eabi/12.2.1/thumb/v6-m/nofp\libc_nano.a(libc_a-lock.o)
 .bss           0x20000074        0x0 c:/program files (x86)/arm gnu toolchain arm-none-eabi/12.2 mpacbti-rel1/bin/../lib/gcc/arm-none-eabi/12.2.1/thumb/v6-m/nofp\libc_nano.a(libc_a-freer.o)
 .bss           0x20000074        0x0 c:/program files (x86)/arm gnu toolchain arm-none-eabi/12.2 mpacbti-rel1/bin/../lib/gcc/arm-none-eabi/12.2.1/thumb/v6-m/nofp\libc_nano.a(libc_a-mallocr.o)
 .bss           0x20000074        0x0 c:/program files (x86)/arm gnu toolchain arm-none-eabi/12.2 mpacbti-rel1/bin/../lib/gcc/arm-none-eabi/12.2.1/thumb/v6-m/nofp\libc_nano.a(libc_a-mlock.o)
 .bss           0x20000074        0x0 c:/program files (x86)/arm gnu toolchain arm-none-eabi/12.2 mpacbti-rel1/bin/../lib/gcc/arm-none-eabi/12.2.1/thumb/v6-m/nofp\libc_nano.a(libc_a-fflush.o)
 .bss           0x20000074        0x0 c:/program files (x86)/arm gnu toolchain arm-none-eabi/12.2 mpacbti-rel1/bin/../lib/gcc/arm-none-eabi/12.2.1/thumb/v6-m/nofp\libc_nano.a(libc_a-sbrkr.o)
 .bss           0x20000074        0x0 c:/program files (x86)/arm gnu toolchain arm-none-eabi/12.2 mpacbti-rel1/bin/../lib/gcc/arm-none-eabi/12.2.1/thumb/v6-m/nofp/crtend.o
 .bss           0x20000074        0x0 c:/program files (x86)/arm gnu toolchain arm-none-eabi/12.2 mpacbti-rel1/bin/../lib/gcc/arm-none-eabi/12.2.1/thumb/v6-m/nofp/crtn.o
 *(.bss.*)
 .bss.completed.1
                0x20000074        0x1 c:/program files (x86)/arm gnu toolchain arm-none-eabi/12.2 mpacbti-rel1/bin/../lib/gcc/arm-none-eabi/12.2.1/thumb/v6-m/nofp/crtbegin.o
 *fill*         0x20000075        0x3 
 .bss.object.0  0x20000078       0x18 c:/program files (x86)/arm gnu toolchain arm-none-eabi/12.2 mpacbti-rel1/bin/../lib/gcc/arm-none-eabi/12.2.1/thumb/v6-m/nofp/crtbegin.o
 .bss.__sf      0x20000090      0x138 c:/program files (x86)/arm gnu toolchain arm-none-eabi/12.2 mpacbti-rel1/bin/../lib/gcc/arm-none-eabi/12.2.1/thumb/v6-m/nofp\libc_nano.a(libc_a-findfp.o)
                0x20000090                __sf
 .bss.__stdio_exit_handler
                0x200001c8        0x4 c:/program files (x86)/arm gnu toolchain arm-none-eabi/12.2 mpacbti-rel1/bin/../lib/gcc/arm-none-eabi/12.2.1/thumb/v6-m/nofp\libc_nano.a(libc_a-findfp.o)
                0x200001c8                __stdio_exit_handler
 .bss.errno     0x200001cc        0x4 c:/program files (x86)/arm gnu toolchain arm-none-eabi/12.2 mpacbti-rel1/bin/../lib/gcc/arm-none-eabi/12.2.1/thumb/v6-m/nofp\libc_nano.a(libc_a-reent.o)
                0x200001cc                errno
 .bss.__lock___arc4random_mutex
                0x200001d0        0x1 c:/program files (x86)/arm gnu toolchain arm-none-eabi/12.2 mpacbti-rel1/bin/../lib/gcc/arm-none-eabi/12.2.1/thumb/v6-m/nofp\libc_nano.a(libc_a-lock.o)
                0x200001d0                __lock___arc4random_mutex
 .bss.__lock___dd_hash_mutex
                0x200001d1        0x1 c:/program files (x86)/arm gnu toolchain arm-none-eabi/12.2 mpacbti-rel1/bin/../lib/gcc/arm-none-eabi/12.2.1/thumb/v6-m/nofp\libc_nano.a(libc_a-lock.o)
                0x200001d1                __lock___dd_hash_mutex
 .bss.__lock___tz_mutex
                0x200001d2        0x1 c:/program files (x86)/arm gnu toolchain arm-none-eabi/12.2 mpacbti-rel1/bin/../lib/gcc/arm-none-eabi/12.2.1/thumb/v6-m/nofp\libc_nano.a(libc_a-lock.o)
                0x200001d2                __lock___tz_mutex
 .bss.__lock___env_recursive_mutex
                0x200001d3        0x1 c:/program files (x86)/arm gnu toolchain arm-none-eabi/12.2 mpacbti-rel1/bin/../lib/gcc/arm-none-eabi/12.2.1/thumb/v6-m/nofp\libc_nano.a(libc_a-lock.o)
                0x200001d3                __lock___env_recursive_mutex
 .bss.__lock___malloc_recursive_mutex
                0x200001d4        0x1 c:/program files (x86)/arm gnu toolchain arm-none-eabi/12.2 mpacbti-rel1/bin/../lib/gcc/arm-none-eabi/12.2.1/thumb/v6-m/nofp\libc_nano.a(libc_a-lock.o)
                0x200001d4                __lock___malloc_recursive_mutex
 .bss.__lock___at_quick_exit_mutex
                0x200001d5        0x1 c:/program files (x86)/arm gnu toolchain arm-none-eabi/12.2 mpacbti-rel1/bin/../lib/gcc/arm-none-eabi/12.2.1/thumb/v6-m/nofp\libc_nano.a(libc_a-lock.o)
                0x200001d5                __lock___at_quick_exit_mutex
 .bss.__lock___atexit_recursive_mutex
                0x200001d6        0x1 c:/program files (x86)/arm gnu toolchain arm-none-eabi/12.2 mpacbti-rel1/bin/../lib/gcc/arm-none-eabi/12.2.1/thumb/v6-m/nofp\libc_nano.a(libc_a-lock.o)
                0x200001d6                __lock___atexit_recursive_mutex
 .bss.__lock___sfp_recursive_mutex
                0x200001d7        0x1 c:/program files (x86)/arm gnu toolchain arm-none-eabi/12.2 mpacbti-rel1/bin/../lib/gcc/arm-none-eabi/12.2.1/thumb/v6-m/nofp\libc_nano.a(libc_a-lock.o)
                0x200001d7                __lock___sfp_recursive_mutex
 .bss.__malloc_sbrk_start
                0x200001d8        0x4 c:/program files (x86)/arm gnu toolchain arm-none-eabi/12.2 mpacbti-rel1/bin/../lib/gcc/arm-none-eabi/12.2.1/thumb/v6-m/nofp\libc_nano.a(libc_a-mallocr.o)
                0x200001d8                __malloc_sbrk_start
 .bss.__malloc_free_list
                0x200001dc        0x4 c:/program files (x86)/arm gnu toolchain arm-none-eabi/12.2 mpacbti-rel1/bin/../lib/gcc/arm-none-eabi/12.2.1/thumb/v6-m/nofp\libc_nano.a(libc_a-mallocr.o)
                0x200001dc                __malloc_free_list
 *(COMMON)
                0x200001e0                        . = ALIGN (0x4)
                0x200001e0                        _ebss = .
                0x200001e0                        __bss_end__ = _ebss
                0x200001e0                        . = ALIGN (0x4)
                0x200001e0                        end = .
                0x200001e0                        __end__ = end
OUTPUT(final.elf elf32-littlearm)
LOAD linker stubs

.ARM.attributes
                0x00000000       0x28
 .ARM.attributes
                0x00000000       0x1e c:/program files (x86)/arm gnu toolchain arm-none-eabi/12.2 mpacbti-rel1/bin/../lib/gcc/arm-none-eabi/12.2.1/thumb/v6-m/nofp/crti.o
 .ARM.attributes
                0x0000001e       0x2c c:/program files (x86)/arm gnu toolchain arm-none-eabi/12.2 mpacbti-rel1/bin/../lib/gcc/arm-none-eabi/12.2.1/thumb/v6-m/nofp/crtbegin.o
 .ARM.attributes
                0x0000004a       0x1b c:/program files (x86)/arm gnu toolchain arm-none-eabi/12.2 mpacbti-rel1/bin/../lib/gcc/arm-none-eabi/12.2.1/thumb/v6-m/nofp/crt0.o
 .ARM.attributes
                0x00000065       0x2c gpio.o
 .ARM.attributes
                0x00000091       0x2c lcd.o
 .ARM.attributes
                0x000000bd       0x2c led.o
 .ARM.attributes
                0x000000e9       0x2c main.o
 .ARM.attributes
                0x00000115       0x2c nvic.o
 .ARM.attributes
                0x00000141       0x2c stm32_startup.o
 .ARM.attributes
                0x0000016d       0x2c syscalls.o
 .ARM.attributes
                0x00000199       0x2c syscfg.o
 .ARM.attributes
                0x000001c5       0x2c systick.o
 .ARM.attributes
                0x000001f1       0x2c c:/program files (x86)/arm gnu toolchain arm-none-eabi/12.2 mpacbti-rel1/bin/../lib/gcc/arm-none-eabi/12.2.1/thumb/v6-m/nofp\libc_nano.a(libc_a-exit.o)
 .ARM.attributes
                0x0000021d       0x2c c:/program files (x86)/arm gnu toolchain arm-none-eabi/12.2 mpacbti-rel1/bin/../lib/gcc/arm-none-eabi/12.2.1/thumb/v6-m/nofp\libc_nano.a(libc_a-findfp.o)
 .ARM.attributes
                0x00000249       0x2c c:/program files (x86)/arm gnu toolchain arm-none-eabi/12.2 mpacbti-rel1/bin/../lib/gcc/arm-none-eabi/12.2.1/thumb/v6-m/nofp\libc_nano.a(libc_a-fwalk.o)
 .ARM.attributes
                0x00000275       0x2c c:/program files (x86)/arm gnu toolchain arm-none-eabi/12.2 mpacbti-rel1/bin/../lib/gcc/arm-none-eabi/12.2.1/thumb/v6-m/nofp\libc_nano.a(libc_a-stdio.o)
 .ARM.attributes
                0x000002a1       0x2c c:/program files (x86)/arm gnu toolchain arm-none-eabi/12.2 mpacbti-rel1/bin/../lib/gcc/arm-none-eabi/12.2.1/thumb/v6-m/nofp\libc_nano.a(libc_a-memset.o)
 .ARM.attributes
                0x000002cd       0x2c c:/program files (x86)/arm gnu toolchain arm-none-eabi/12.2 mpacbti-rel1/bin/../lib/gcc/arm-none-eabi/12.2.1/thumb/v6-m/nofp\libc_nano.a(libc_a-closer.o)
 .ARM.attributes
                0x000002f9       0x2c c:/program files (x86)/arm gnu toolchain arm-none-eabi/12.2 mpacbti-rel1/bin/../lib/gcc/arm-none-eabi/12.2.1/thumb/v6-m/nofp\libc_nano.a(libc_a-reent.o)
 .ARM.attributes
                0x00000325       0x2c c:/program files (x86)/arm gnu toolchain arm-none-eabi/12.2 mpacbti-rel1/bin/../lib/gcc/arm-none-eabi/12.2.1/thumb/v6-m/nofp\libc_nano.a(libc_a-impure.o)
 .ARM.attributes
                0x00000351       0x2c c:/program files (x86)/arm gnu toolchain arm-none-eabi/12.2 mpacbti-rel1/bin/../lib/gcc/arm-none-eabi/12.2.1/thumb/v6-m/nofp\libc_nano.a(libc_a-lseekr.o)
 .ARM.attributes
                0x0000037d       0x2c c:/program files (x86)/arm gnu toolchain arm-none-eabi/12.2 mpacbti-rel1/bin/../lib/gcc/arm-none-eabi/12.2.1/thumb/v6-m/nofp\libc_nano.a(libc_a-readr.o)
 .ARM.attributes
                0x000003a9       0x2c c:/program files (x86)/arm gnu toolchain arm-none-eabi/12.2 mpacbti-rel1/bin/../lib/gcc/arm-none-eabi/12.2.1/thumb/v6-m/nofp\libc_nano.a(libc_a-writer.o)
 .ARM.attributes
                0x000003d5       0x2c c:/program files (x86)/arm gnu toolchain arm-none-eabi/12.2 mpacbti-rel1/bin/../lib/gcc/arm-none-eabi/12.2.1/thumb/v6-m/nofp\libc_nano.a(libc_a-errno.o)
 .ARM.attributes
                0x00000401       0x2c c:/program files (x86)/arm gnu toolchain arm-none-eabi/12.2 mpacbti-rel1/bin/../lib/gcc/arm-none-eabi/12.2.1/thumb/v6-m/nofp\libc_nano.a(libc_a-init.o)
 .ARM.attributes
                0x0000042d       0x2c c:/program files (x86)/arm gnu toolchain arm-none-eabi/12.2 mpacbti-rel1/bin/../lib/gcc/arm-none-eabi/12.2.1/thumb/v6-m/nofp\libc_nano.a(libc_a-lock.o)
 .ARM.attributes
                0x00000459       0x2c c:/program files (x86)/arm gnu toolchain arm-none-eabi/12.2 mpacbti-rel1/bin/../lib/gcc/arm-none-eabi/12.2.1/thumb/v6-m/nofp\libc_nano.a(libc_a-freer.o)
 .ARM.attributes
                0x00000485       0x2c c:/program files (x86)/arm gnu toolchain arm-none-eabi/12.2 mpacbti-rel1/bin/../lib/gcc/arm-none-eabi/12.2.1/thumb/v6-m/nofp\libc_nano.a(libc_a-mallocr.o)
 .ARM.attributes
                0x000004b1       0x2c c:/program files (x86)/arm gnu toolchain arm-none-eabi/12.2 mpacbti-rel1/bin/../lib/gcc/arm-none-eabi/12.2.1/thumb/v6-m/nofp\libc_nano.a(libc_a-mlock.o)
 .ARM.attributes
                0x000004dd       0x2c c:/program files (x86)/arm gnu toolchain arm-none-eabi/12.2 mpacbti-rel1/bin/../lib/gcc/arm-none-eabi/12.2.1/thumb/v6-m/nofp\libc_nano.a(libc_a-fflush.o)
 .ARM.attributes
                0x00000509       0x2c c:/program files (x86)/arm gnu toolchain arm-none-eabi/12.2 mpacbti-rel1/bin/../lib/gcc/arm-none-eabi/12.2.1/thumb/v6-m/nofp\libc_nano.a(libc_a-sbrkr.o)
 .ARM.attributes
                0x00000535       0x2c c:/program files (x86)/arm gnu toolchain arm-none-eabi/12.2 mpacbti-rel1/bin/../lib/gcc/arm-none-eabi/12.2.1/thumb/v6-m/nofp/crtend.o
 .ARM.attributes
                0x00000561       0x1e c:/program files (x86)/arm gnu toolchain arm-none-eabi/12.2 mpacbti-rel1/bin/../lib/gcc/arm-none-eabi/12.2.1/thumb/v6-m/nofp/crtn.o

.comment        0x00000000       0x55
 .comment       0x00000000       0x55 gpio.o
                                 0x56 (size before relaxing)
 .comment       0x00000055       0x56 lcd.o
 .comment       0x00000055       0x56 led.o
 .comment       0x00000055       0x56 main.o
 .comment       0x00000055       0x56 nvic.o
 .comment       0x00000055       0x56 stm32_startup.o
 .comment       0x00000055       0x56 syscalls.o
 .comment       0x00000055       0x56 syscfg.o
 .comment       0x00000055       0x56 systick.o

.debug_line_str
                0x00000000       0xe2
 .debug_line_str
                0x00000000       0xe2 c:/program files (x86)/arm gnu toolchain arm-none-eabi/12.2 mpacbti-rel1/bin/../lib/gcc/arm-none-eabi/12.2.1/thumb/v6-m/nofp/crt0.o

.debug_frame    0x00000000      0x56c
 .debug_frame   0x00000000       0x28 c:/program files (x86)/arm gnu toolchain arm-none-eabi/12.2 mpacbti-rel1/bin/../lib/gcc/arm-none-eabi/12.2.1/thumb/v6-m/nofp\libc_nano.a(libc_a-exit.o)
 .debug_frame   0x00000028      0x138 c:/program files (x86)/arm gnu toolchain arm-none-eabi/12.2 mpacbti-rel1/bin/../lib/gcc/arm-none-eabi/12.2.1/thumb/v6-m/nofp\libc_nano.a(libc_a-findfp.o)
 .debug_frame   0x00000160       0x34 c:/program files (x86)/arm gnu toolchain arm-none-eabi/12.2 mpacbti-rel1/bin/../lib/gcc/arm-none-eabi/12.2.1/thumb/v6-m/nofp\libc_nano.a(libc_a-fwalk.o)
 .debug_frame   0x00000194       0x90 c:/program files (x86)/arm gnu toolchain arm-none-eabi/12.2 mpacbti-rel1/bin/../lib/gcc/arm-none-eabi/12.2.1/thumb/v6-m/nofp\libc_nano.a(libc_a-stdio.o)
 .debug_frame   0x00000224       0x20 c:/program files (x86)/arm gnu toolchain arm-none-eabi/12.2 mpacbti-rel1/bin/../lib/gcc/arm-none-eabi/12.2.1/thumb/v6-m/nofp\libc_nano.a(libc_a-memset.o)
 .debug_frame   0x00000244       0x2c c:/program files (x86)/arm gnu toolchain arm-none-eabi/12.2 mpacbti-rel1/bin/../lib/gcc/arm-none-eabi/12.2.1/thumb/v6-m/nofp\libc_nano.a(libc_a-closer.o)
 .debug_frame   0x00000270       0x2c c:/program files (x86)/arm gnu toolchain arm-none-eabi/12.2 mpacbti-rel1/bin/../lib/gcc/arm-none-eabi/12.2.1/thumb/v6-m/nofp\libc_nano.a(libc_a-reent.o)
 .debug_frame   0x0000029c       0x2c c:/program files (x86)/arm gnu toolchain arm-none-eabi/12.2 mpacbti-rel1/bin/../lib/gcc/arm-none-eabi/12.2.1/thumb/v6-m/nofp\libc_nano.a(libc_a-lseekr.o)
 .debug_frame   0x000002c8       0x2c c:/program files (x86)/arm gnu toolchain arm-none-eabi/12.2 mpacbti-rel1/bin/../lib/gcc/arm-none-eabi/12.2.1/thumb/v6-m/nofp\libc_nano.a(libc_a-readr.o)
 .debug_frame   0x000002f4       0x2c c:/program files (x86)/arm gnu toolchain arm-none-eabi/12.2 mpacbti-rel1/bin/../lib/gcc/arm-none-eabi/12.2.1/thumb/v6-m/nofp\libc_nano.a(libc_a-writer.o)
 .debug_frame   0x00000320       0x20 c:/program files (x86)/arm gnu toolchain arm-none-eabi/12.2 mpacbti-rel1/bin/../lib/gcc/arm-none-eabi/12.2.1/thumb/v6-m/nofp\libc_nano.a(libc_a-errno.o)
 .debug_frame   0x00000340       0x2c c:/program files (x86)/arm gnu toolchain arm-none-eabi/12.2 mpacbti-rel1/bin/../lib/gcc/arm-none-eabi/12.2.1/thumb/v6-m/nofp\libc_nano.a(libc_a-init.o)
 .debug_frame   0x0000036c       0xb0 c:/program files (x86)/arm gnu toolchain arm-none-eabi/12.2 mpacbti-rel1/bin/../lib/gcc/arm-none-eabi/12.2.1/thumb/v6-m/nofp\libc_nano.a(libc_a-lock.o)
 .debug_frame   0x0000041c       0x2c c:/program files (x86)/arm gnu toolchain arm-none-eabi/12.2 mpacbti-rel1/bin/../lib/gcc/arm-none-eabi/12.2.1/thumb/v6-m/nofp\libc_nano.a(libc_a-freer.o)
 .debug_frame   0x00000448       0x50 c:/program files (x86)/arm gnu toolchain arm-none-eabi/12.2 mpacbti-rel1/bin/../lib/gcc/arm-none-eabi/12.2.1/thumb/v6-m/nofp\libc_nano.a(libc_a-mallocr.o)
 .debug_frame   0x00000498       0x40 c:/program files (x86)/arm gnu toolchain arm-none-eabi/12.2 mpacbti-rel1/bin/../lib/gcc/arm-none-eabi/12.2.1/thumb/v6-m/nofp\libc_nano.a(libc_a-mlock.o)
 .debug_frame   0x000004d8       0x68 c:/program files (x86)/arm gnu toolchain arm-none-eabi/12.2 mpacbti-rel1/bin/../lib/gcc/arm-none-eabi/12.2.1/thumb/v6-m/nofp\libc_nano.a(libc_a-fflush.o)
 .debug_frame   0x00000540       0x2c c:/program files (x86)/arm gnu toolchain arm-none-eabi/12.2 mpacbti-rel1/bin/../lib/gcc/arm-none-eabi/12.2.1/thumb/v6-m/nofp\libc_nano.a(libc_a-sbrkr.o)
